[?25l[?2004h[?2027h[?2027$pAll pings:
from m1
from m1
from m2
from m2
from m2
from m2[70D[2K[?2004l[?25h