Hi. This program will exit in 10 seconds. To quit sooner press any key