All pings:
from m1
from m1
from m2
from m2
from m2